{
  "code": "OWG2018",
  "description": "PyeongChang 2018 Olympic Winter Games"
}

